#include <QtCore/QString>

int totototo = 112233;

void receivingQString(QString s1) {}
void receivingQLatin1String(QLatin1String s1) {}


#define PREFIX "foo"
void test()
{
    QString s1 = u"str";
    QString s2 = QString(u"s2");
    s1 += u"str";
    s1 = true ? u"foo" : u"bar";
    s1.append(u"appending");

    receivingQString( u"str");
    receivingQLatin1String( u"latin");

    QLatin1String toto = u"toto";

    const char* myChar = "foo";
    QString ww = QLatin1String(myChar); // should not be fixed
    QString string_with_macro = QLatin1String(PREFIX "bar"); // should not be fixed!!! (the test will fail)

}
